[20251120_165413] index:0;amount:42;created
[20251120_165413] index:1;amount:54;created
[20251120_165413] index:2;amount:957;created
[20251120_165413] index:3;amount:432;created
[20251120_165413] index:4;amount:1234;created
[20251120_165413] index:5;amount:0;created
[20251120_165413] index:6;amount:754;created
[20251120_165413] index:7;amount:16576;created
[20251120_165413] accounts:8;total:20049;deposits:0;withdrawals:0
[20251120_165413] index:0;amount:42;deposit:0;withdrawals:0
[20251120_165413] index:1;amount:54;deposit:0;withdrawals:0
[20251120_165413] index:2;amount:957;deposit:0;withdrawals:0
[20251120_165413] index:3;amount:432;deposit:0;withdrawals:0
[20251120_165413] index:4;amount:1234;deposit:0;withdrawals:0
[20251120_165413] index:5;amount:0;deposit:0;withdrawals:0
[20251120_165413] index:6;amount:754;deposit:0;withdrawals:0
[20251120_165413] index:7;amount:16576;deposit:0;withdrawals:0
[20251120_165413] index:0;p_amout:42;deposit:5;amount:47;nb_deposits:0
[20251120_165413] index:1;p_amout:54;deposit:765;amount:819;nb_deposits:0
[20251120_165413] index:2;p_amout:957;deposit:564;amount:1521;nb_deposits:0
[20251120_165413] index:3;p_amout:432;deposit:2;amount:434;nb_deposits:0
[20251120_165413] index:4;p_amout:1234;deposit:87;amount:1321;nb_deposits:0
[20251120_165413] index:5;p_amout:0;deposit:23;amount:23;nb_deposits:0
[20251120_165413] index:6;p_amout:754;deposit:9;amount:763;nb_deposits:0
[20251120_165413] index:7;p_amout:16576;deposit:20;amount:16596;nb_deposits:0
[20251120_165413] accounts:8;total:20049;deposits:0;withdrawals:0
[20251120_165413] index:0;amount:47;deposit:1;withdrawals:0
[20251120_165413] index:1;amount:819;deposit:1;withdrawals:0
[20251120_165413] index:2;amount:1521;deposit:1;withdrawals:0
[20251120_165413] index:3;amount:434;deposit:1;withdrawals:0
[20251120_165413] index:4;amount:1321;deposit:1;withdrawals:0
[20251120_165413] index:5;amount:23;deposit:1;withdrawals:0
[20251120_165413] index:6;amount:763;deposit:1;withdrawals:0
[20251120_165413] index:7;amount:16596;deposit:1;withdrawals:0
[20251120_165413] index:8;p_amount:47;withdrawals:refused
[20251120_165413] index:1;p_amout:819;withdrawals:34;amount:785;nb_withdrawal:0
[20251120_165413] index:2;p_amout:1521;withdrawals:657;amount:864;nb_withdrawal:0
[20251120_165413] index:3;p_amout:434;withdrawals:4;amount:430;nb_withdrawal:0
[20251120_165413] index:4;p_amout:1321;withdrawals:76;amount:1245;nb_withdrawal:0
[20251120_165413] index:8;p_amount:23;withdrawals:refused
[20251120_165413] index:6;p_amout:763;withdrawals:657;amount:106;nb_withdrawal:0
[20251120_165413] index:7;p_amout:16596;withdrawals:7654;amount:8942;nb_withdrawal:0
[20251120_165413] accounts:8;total:20049;deposits:0;withdrawals:0
[20251120_165413] index:0;amount:47;deposit:1;withdrawals:0
[20251120_165413] index:1;amount:785;deposit:1;withdrawals:1
[20251120_165413] index:2;amount:864;deposit:1;withdrawals:1
[20251120_165413] index:3;amount:430;deposit:1;withdrawals:1
[20251120_165413] index:4;amount:1245;deposit:1;withdrawals:1
[20251120_165413] index:5;amount:23;deposit:1;withdrawals:0
[20251120_165413] index:6;amount:106;deposit:1;withdrawals:1
[20251120_165413] index:7;amount:8942;deposit:1;withdrawals:1
[20251120_165413] index:0;amount:47;closed
[20251120_165413] index:1;amount:785;closed
[20251120_165413] index:2;amount:864;closed
[20251120_165413] index:3;amount:430;closed
[20251120_165413] index:4;amount:1245;closed
[20251120_165413] index:5;amount:23;closed
[20251120_165413] index:6;amount:106;closed
[20251120_165413] index:7;amount:8942;closed